// Jest Snapshot v1, https://goo.gl/fbAQLP

exports[`renders correctly 1`] = `
<RCTScrollView>
  <View>
    <View>
      <View
        style={
          Object {
            "alignItems": "center",
            "marginTop": 40,
            "padding": 20,
          }
        }
      >
        <View
          style={
            Object {
              "alignSelf": "flex-end",
              "bottom": 100,
              "position": "absolute",
            }
          }
        >
          <View
            accessible={true}
            isTVSelectable={true}
            onResponderGrant={[Function]}
            onResponderMove={[Function]}
            onResponderRelease={[Function]}
            onResponderTerminate={[Function]}
            onResponderTerminationRequest={[Function]}
            onStartShouldSetResponder={[Function]}
            style={null}
          >
            <Image
              source={
                Object {
                  "testUri": "../../../src/assets/icons/edit.png",
                }
              }
              style={
                Object {
                  "height": 30,
                  "marginRight": 20,
                  "width": 30,
                }
              }
            />
          </View>
        </View>
        <Image
          source={
            Object {
              "testUri": "../../../src/assets/icons/profile.png",
            }
          }
          style={
            Object {
              "borderColor": "black",
              "borderRadius": 60,
              "borderWidth": 3,
              "height": 75,
              "marginBottom": 10,
              "width": 75,
            }
          }
        />
        <Text
          style={
            Object {
              "color": "black",
              "fontSize": 20,
              "fontWeight": "500",
            }
          }
        >
          Brittany Taylor
        </Text>
      </View>
      <View
        style={
          Object {
            "borderBottomColor": "gray",
            "borderBottomWidth": 0.5,
            "marginBottom": 5,
            "marginLeft": 10,
            "marginRight": 10,
            "marginTop": 5,
          }
        }
      />
      <View
        style={
          Object {
            "flex": 1,
            "flexDirection": "row",
          }
        }
      >
        <View
          style={
            Object {
              "flex": 1,
              "marginBottom": 5,
              "marginLeft": 15,
            }
          }
        >
          <Text
            style={
              Object {
                "color": "gray",
                "fontSize": 13,
                "fontWeight": "bold",
              }
            }
          >
            Basic Info
          </Text>
        </View>
      </View>
      <View
        style={
          Object {
            "flex": 1,
            "flexDirection": "row",
          }
        }
      >
        <View
          style={
            Object {
              "flex": 1,
              "marginBottom": 5,
              "marginLeft": 15,
            }
          }
        >
          <Text
            style={
              Object {
                "color": "gray",
                "fontSize": 13,
              }
            }
          >
            Date of Birth
          </Text>
        </View>
        <View
          style={
            Object {
              "flex": 1,
              "marginBottom": 5,
              "marginLeft": 15,
            }
          }
        >
          <Text
            style={
              Object {
                "color": "black",
                "marginRight": 15,
                "textAlign": "right",
              }
            }
          >
            January 1, 1955
          </Text>
        </View>
      </View>
      <View
        style={
          Object {
            "flex": 1,
            "flexDirection": "row",
          }
        }
      >
        <View
          style={
            Object {
              "flex": 1,
              "marginBottom": 5,
              "marginLeft": 15,
            }
          }
        >
          <Text
            style={
              Object {
                "color": "gray",
                "fontSize": 13,
              }
            }
          >
            Age
          </Text>
        </View>
        <View
          style={
            Object {
              "flex": 1,
              "marginBottom": 5,
              "marginLeft": 15,
            }
          }
        >
          <Text
            style={
              Object {
                "color": "black",
                "marginRight": 15,
                "textAlign": "right",
              }
            }
          >
            64
          </Text>
        </View>
      </View>
      <View
        style={
          Object {
            "flex": 1,
            "flexDirection": "row",
          }
        }
      >
        <View
          style={
            Object {
              "flex": 1,
              "marginBottom": 5,
              "marginLeft": 15,
            }
          }
        >
          <Text
            style={
              Object {
                "color": "gray",
                "fontSize": 13,
              }
            }
          >
            Menopausal Stage
          </Text>
        </View>
        <View
          style={
            Object {
              "flex": 1,
              "marginBottom": 5,
              "marginLeft": 15,
            }
          }
        >
          <Text
            style={
              Object {
                "color": "black",
                "marginRight": 15,
                "textAlign": "right",
              }
            }
          >
            Peri
          </Text>
        </View>
      </View>
      <View
        style={
          Object {
            "borderBottomColor": "gray",
            "borderBottomWidth": 0.5,
            "marginBottom": 5,
            "marginLeft": 10,
            "marginRight": 10,
            "marginTop": 5,
          }
        }
      />
      <View
        style={
          Object {
            "flex": 1,
            "flexDirection": "row",
          }
        }
      >
        <View
          style={
            Object {
              "flex": 1,
              "marginBottom": 5,
              "marginLeft": 15,
            }
          }
        >
          <Text
            style={
              Object {
                "color": "gray",
                "fontSize": 13,
                "fontWeight": "bold",
              }
            }
          >
            My Preferences
          </Text>
        </View>
      </View>
      <View
        style={
          Object {
            "flex": 1,
            "flexDirection": "row",
          }
        }
      >
        <View
          style={
            Object {
              "flex": 1,
              "marginBottom": 5,
              "marginLeft": 15,
            }
          }
        >
          <Text
            style={
              Object {
                "color": "gray",
                "fontSize": 13,
              }
            }
          >
            Length of Walk (by distance)
          </Text>
        </View>
        <View
          style={
            Object {
              "flex": 1,
              "marginBottom": 5,
              "marginLeft": 15,
            }
          }
        >
          <Text
            style={
              Object {
                "color": "black",
                "marginRight": 15,
                "textAlign": "right",
              }
            }
          >
            10
             km
          </Text>
        </View>
      </View>
      <View
        style={
          Object {
            "flex": 1,
            "flexDirection": "row",
          }
        }
      >
        <View
          style={
            Object {
              "flex": 1,
              "marginBottom": 5,
              "marginLeft": 15,
            }
          }
        >
          <Text
            style={
              Object {
                "color": "gray",
                "fontSize": 13,
              }
            }
          >
            Length of Walk (by duration)
          </Text>
        </View>
        <View
          style={
            Object {
              "flex": 1,
              "marginBottom": 5,
              "marginLeft": 15,
            }
          }
        >
          <Text
            style={
              Object {
                "color": "black",
                "marginRight": 15,
                "textAlign": "right",
              }
            }
          >
            60
             min
          </Text>
        </View>
      </View>
      <View
        style={
          Object {
            "flex": 1,
            "flexDirection": "row",
          }
        }
      >
        <View
          style={
            Object {
              "flex": 1,
              "marginBottom": 5,
              "marginLeft": 15,
            }
          }
        >
          <Text
            style={
              Object {
                "color": "gray",
                "fontSize": 13,
              }
            }
          >
            Intensity
          </Text>
        </View>
        <View
          style={
            Object {
              "flex": 1,
              "marginBottom": 5,
              "marginLeft": 15,
            }
          }
        >
          <Text
            style={
              Object {
                "color": "black",
                "marginRight": 15,
                "textAlign": "right",
              }
            }
          >
            Intermediate
          </Text>
        </View>
      </View>
      <View
        style={
          Object {
            "flex": 1,
            "flexDirection": "row",
          }
        }
      >
        <View
          style={
            Object {
              "flex": 1,
              "marginBottom": 5,
              "marginLeft": 15,
            }
          }
        >
          <Text
            style={
              Object {
                "color": "gray",
                "fontSize": 13,
              }
            }
          >
            Type of Venue
          </Text>
        </View>
        <View
          style={
            Object {
              "flex": 1,
              "marginBottom": 5,
              "marginLeft": 15,
            }
          }
        >
          <Text
            style={
              Object {
                "color": "black",
                "marginRight": 15,
                "textAlign": "right",
              }
            }
          >
            Indoor
          </Text>
        </View>
      </View>
      <View
        style={
          Object {
            "flex": 1,
            "flexDirection": "row",
          }
        }
      >
        <View
          style={
            Object {
              "flex": 1,
              "marginBottom": 5,
              "marginLeft": 15,
            }
          }
        >
          <Text
            style={
              Object {
                "color": "gray",
                "fontSize": 13,
              }
            }
          >
            Location
          </Text>
        </View>
        <View
          style={
            Object {
              "flex": 1,
              "marginBottom": 5,
              "marginLeft": 15,
            }
          }
        >
          <Text
            style={
              Object {
                "color": "black",
                "marginRight": 15,
                "textAlign": "right",
              }
            }
          >
            Riverbend Area
          </Text>
        </View>
      </View>
      <View
        style={
          Object {
            "flex": 1,
            "flexDirection": "row",
          }
        }
      >
        <View
          accessible={true}
          isTVSelectable={true}
          onResponderGrant={[Function]}
          onResponderMove={[Function]}
          onResponderRelease={[Function]}
          onResponderTerminate={[Function]}
          onResponderTerminationRequest={[Function]}
          onStartShouldSetResponder={[Function]}
          style={
            Object {
              "alignItems": "center",
              "borderColor": "black",
              "borderRadius": 10,
              "borderWidth": 1,
              "flexDirection": "row",
              "height": 50,
              "justifyContent": "center",
              "marginBottom": 10,
              "marginLeft": 15,
              "marginRight": 10,
              "marginTop": 10,
              "opacity": 1,
              "width": 150,
            }
          }
        >
          <Text>
            Help Line Links
          </Text>
        </View>
        <View
          accessible={true}
          isTVSelectable={true}
          onResponderGrant={[Function]}
          onResponderMove={[Function]}
          onResponderRelease={[Function]}
          onResponderTerminate={[Function]}
          onResponderTerminationRequest={[Function]}
          onStartShouldSetResponder={[Function]}
          style={
            Object {
              "alignItems": "center",
              "borderColor": "black",
              "borderRadius": 10,
              "borderWidth": 1,
              "flexDirection": "row",
              "height": 50,
              "justifyContent": "center",
              "marginBottom": 10,
              "marginLeft": 15,
              "marginRight": 10,
              "marginTop": 10,
              "opacity": 1,
              "width": 150,
            }
          }
        >
          <Text>
            Past Events
          </Text>
        </View>
      </View>
    </View>
  </View>
</RCTScrollView>
`;
